// Jest Snapshot v1, https://goo.gl/fbAQLP

exports[`AddPhotoButton disables the button element 1`] = `<button />`;
